[2.215e+00 s in MAIN] New agg - ncells 96 - run 1 - 2 ghost layers
[2.161e+00 s in MAIN] New agg - ncells 96 - run 2 - 2 ghost layers
[2.198e+00 s in MAIN] New agg - ncells 96 - run 3 - 2 ghost layers
[2.193e+00 s in MAIN] New agg - ncells 96 - run 4 - 2 ghost layers
[2.172e+00 s in MAIN] New agg - ncells 96 - run 1 - 3 ghost layers
[2.134e+00 s in MAIN] New agg - ncells 96 - run 2 - 3 ghost layers
[2.012e+00 s in MAIN] New agg - ncells 96 - run 3 - 3 ghost layers
[1.799e+00 s in MAIN] New agg - ncells 96 - run 4 - 3 ghost layers
[1.797e+00 s in MAIN] New agg - ncells 96 - run 1 - 4 ghost layers
[2.102e+00 s in MAIN] New agg - ncells 96 - run 2 - 4 ghost layers
[2.319e+00 s in MAIN] New agg - ncells 96 - run 3 - 4 ghost layers
[2.238e+00 s in MAIN] New agg - ncells 96 - run 4 - 4 ghost layers
[2.433e+00 s in MAIN] New agg - ncells 96 - run 1 - 5 ghost layers
[2.292e+00 s in MAIN] New agg - ncells 96 - run 2 - 5 ghost layers
[2.382e+00 s in MAIN] New agg - ncells 96 - run 3 - 5 ghost layers
[2.248e+00 s in MAIN] New agg - ncells 96 - run 4 - 5 ghost layers































































































































































































































































































































































































































































































































































































































































































































































































































































































































































































































































































































































































































































































































































































































































































































































































────────────────────────────────────────────────────────────────────────────────
Section                                              max         min         avg
────────────────────────────────────────────────────────────────────────────────
New agg - ncells 96 - run 1 - 5 ghost layers   3.043e+00   2.370e+00   2.556e+00
New agg - ncells 96 - run 3 - 5 ghost layers   2.626e+00   2.291e+00   2.517e+00
New agg - ncells 96 - run 2 - 5 ghost layers   2.589e+00   2.292e+00   2.505e+00
New agg - ncells 96 - run 4 - 5 ghost layers   2.554e+00   2.231e+00   2.460e+00
New agg - ncells 96 - run 3 - 4 ghost layers   2.526e+00   2.202e+00   2.384e+00
New agg - ncells 96 - run 1 - 2 ghost layers   2.507e+00   2.214e+00   2.248e+00
New agg - ncells 96 - run 2 - 2 ghost layers   2.496e+00   2.157e+00   2.195e+00
New agg - ncells 96 - run 4 - 4 ghost layers   2.440e+00   2.238e+00   2.363e+00
New agg - ncells 96 - run 2 - 3 ghost layers   2.425e+00   2.134e+00   2.175e+00
New agg - ncells 96 - run 2 - 4 ghost layers   2.371e+00   2.090e+00   2.262e+00
New agg - ncells 96 - run 3 - 2 ghost layers   2.313e+00   2.198e+00   2.232e+00
New agg - ncells 96 - run 4 - 2 ghost layers   2.272e+00   2.191e+00   2.223e+00
New agg - ncells 96 - run 1 - 3 ghost layers   2.261e+00   2.171e+00   2.225e+00
New agg - ncells 96 - run 3 - 3 ghost layers   2.066e+00   2.009e+00   2.050e+00
New agg - ncells 96 - run 1 - 4 ghost layers   2.063e+00   1.797e+00   1.977e+00
New agg - ncells 96 - run 4 - 3 ghost layers   1.862e+00   1.781e+00   1.824e+00
────────────────────────────────────────────────────────────────────────────────

[2.478e+00 s in MAIN] New agg - ncells 384 - run 1 - 2 ghost layers
[2.413e+00 s in MAIN] New agg - ncells 384 - run 2 - 2 ghost layers
[2.441e+00 s in MAIN] New agg - ncells 384 - run 3 - 2 ghost layers
[2.526e+00 s in MAIN] New agg - ncells 384 - run 4 - 2 ghost layers
[2.593e+00 s in MAIN] New agg - ncells 384 - run 1 - 3 ghost layers
[2.696e+00 s in MAIN] New agg - ncells 384 - run 2 - 3 ghost layers
[2.947e+00 s in MAIN] New agg - ncells 384 - run 3 - 3 ghost layers
[2.602e+00 s in MAIN] New agg - ncells 384 - run 4 - 3 ghost layers
[2.850e+00 s in MAIN] New agg - ncells 384 - run 1 - 4 ghost layers
[2.857e+00 s in MAIN] New agg - ncells 384 - run 2 - 4 ghost layers
[3.096e+00 s in MAIN] New agg - ncells 384 - run 3 - 4 ghost layers
[2.925e+00 s in MAIN] New agg - ncells 384 - run 4 - 4 ghost layers
[3.183e+00 s in MAIN] New agg - ncells 384 - run 1 - 5 ghost layers
[3.139e+00 s in MAIN] New agg - ncells 384 - run 2 - 5 ghost layers
[3.089e+00 s in MAIN] New agg - ncells 384 - run 3 - 5 ghost layers
[3.230e+00 s in MAIN] New agg - ncells 384 - run 4 - 5 ghost layers











































































































































































































































































































































































































































































































































































































































































































































































































































































































































































































































































































































































































































































































































































































































































































































─────────────────────────────────────────────────────────────────────────────────
Section                                               max         min         avg
─────────────────────────────────────────────────────────────────────────────────
New agg - ncells 384 - run 4 - 5 ghost layers   4.787e+00   3.139e+00   4.508e+00
New agg - ncells 384 - run 1 - 5 ghost layers   4.746e+00   3.139e+00   4.481e+00
New agg - ncells 384 - run 3 - 5 ghost layers   4.722e+00   3.070e+00   4.422e+00
New agg - ncells 384 - run 2 - 5 ghost layers   4.719e+00   3.037e+00   4.412e+00
New agg - ncells 384 - run 4 - 4 ghost layers   4.296e+00   2.881e+00   4.135e+00
New agg - ncells 384 - run 2 - 4 ghost layers   4.286e+00   2.857e+00   4.123e+00
New agg - ncells 384 - run 1 - 4 ghost layers   4.285e+00   2.842e+00   4.098e+00
New agg - ncells 384 - run 3 - 4 ghost layers   4.276e+00   2.851e+00   4.083e+00
New agg - ncells 384 - run 3 - 3 ghost layers   4.234e+00   2.816e+00   3.904e+00
New agg - ncells 384 - run 4 - 3 ghost layers   3.960e+00   2.601e+00   3.599e+00
New agg - ncells 384 - run 2 - 3 ghost layers   3.929e+00   2.634e+00   3.587e+00
New agg - ncells 384 - run 1 - 3 ghost layers   3.879e+00   2.588e+00   3.499e+00
New agg - ncells 384 - run 1 - 2 ghost layers   3.697e+00   2.476e+00   3.370e+00
New agg - ncells 384 - run 3 - 2 ghost layers   3.657e+00   2.437e+00   3.341e+00
New agg - ncells 384 - run 4 - 2 ghost layers   3.632e+00   2.442e+00   3.320e+00
New agg - ncells 384 - run 2 - 2 ghost layers   3.221e+00   2.405e+00   3.122e+00
─────────────────────────────────────────────────────────────────────────────────






















































======================================================================================
                  Resource Usage on 2025-12-23 04:26:51:
   Job Id:             157208150.gadi-pbs
   Project:            kr97
   Exit Status:        0
   Service Units:      211.63
   NCPUs Requested:    1536                   NCPUs Used: 1536            
                                           CPU Time Used: 92:56:46        
   Memory Requested:   6.0TB                 Memory Used: 1.56TB          
   Walltime requested: 00:30:00            Walltime Used: 00:04:08        
   JobFS requested:    3.12GB                 JobFS used: 10.13MB         
======================================================================================
