[2.661e-01 s in MAIN] New agg - ncells 96 - run 1 - 2 ghost layers
[3.772e-01 s in MAIN] New agg - ncells 96 - run 2 - 2 ghost layers
[1.797e-01 s in MAIN] New agg - ncells 96 - run 3 - 2 ghost layers
[1.853e-01 s in MAIN] New agg - ncells 96 - run 4 - 2 ghost layers
[1.642e-01 s in MAIN] New agg - ncells 96 - run 1 - 3 ghost layers
[1.728e-01 s in MAIN] New agg - ncells 96 - run 2 - 3 ghost layers
[1.366e-01 s in MAIN] New agg - ncells 96 - run 3 - 3 ghost layers
[1.059e-01 s in MAIN] New agg - ncells 96 - run 4 - 3 ghost layers
[1.372e-01 s in MAIN] New agg - ncells 96 - run 1 - 4 ghost layers
[1.451e-01 s in MAIN] New agg - ncells 96 - run 2 - 4 ghost layers
[1.339e-01 s in MAIN] New agg - ncells 96 - run 3 - 4 ghost layers
[1.039e-01 s in MAIN] New agg - ncells 96 - run 4 - 4 ghost layers
[1.100e-01 s in MAIN] New agg - ncells 96 - run 1 - 5 ghost layers
[1.207e-01 s in MAIN] New agg - ncells 96 - run 2 - 5 ghost layers
[1.120e-01 s in MAIN] New agg - ncells 96 - run 3 - 5 ghost layers
[1.125e-01 s in MAIN] New agg - ncells 96 - run 4 - 5 ghost layers































































































































































































































































































































































































────────────────────────────────────────────────────────────────────────────────
Section                                              max         min         avg
────────────────────────────────────────────────────────────────────────────────
New agg - ncells 96 - run 2 - 2 ghost layers   4.059e-01   3.769e-01   3.798e-01
New agg - ncells 96 - run 1 - 2 ghost layers   2.978e-01   2.657e-01   2.701e-01
New agg - ncells 96 - run 3 - 2 ghost layers   2.633e-01   1.797e-01   1.865e-01
New agg - ncells 96 - run 4 - 2 ghost layers   2.500e-01   1.853e-01   1.964e-01
New agg - ncells 96 - run 1 - 3 ghost layers   2.228e-01   1.633e-01   1.695e-01
New agg - ncells 96 - run 2 - 3 ghost layers   2.065e-01   1.717e-01   1.750e-01
New agg - ncells 96 - run 3 - 3 ghost layers   1.734e-01   1.355e-01   1.393e-01
New agg - ncells 96 - run 2 - 4 ghost layers   1.679e-01   1.436e-01   1.486e-01
New agg - ncells 96 - run 3 - 4 ghost layers   1.677e-01   1.227e-01   1.344e-01
New agg - ncells 96 - run 1 - 4 ghost layers   1.574e-01   1.361e-01   1.424e-01
New agg - ncells 96 - run 3 - 5 ghost layers   1.450e-01   1.100e-01   1.198e-01
New agg - ncells 96 - run 1 - 5 ghost layers   1.394e-01   1.082e-01   1.137e-01
New agg - ncells 96 - run 4 - 5 ghost layers   1.307e-01   9.920e-02   1.123e-01
New agg - ncells 96 - run 4 - 3 ghost layers   1.284e-01   9.580e-02   1.010e-01
New agg - ncells 96 - run 2 - 5 ghost layers   1.275e-01   1.048e-01   1.159e-01
New agg - ncells 96 - run 4 - 4 ghost layers   1.169e-01   1.025e-01   1.071e-01
────────────────────────────────────────────────────────────────────────────────

[1.466e-01 s in MAIN] New agg - ncells 3072 - run 1 - 2 ghost layers
[1.274e-01 s in MAIN] New agg - ncells 3072 - run 2 - 2 ghost layers
[1.487e-01 s in MAIN] New agg - ncells 3072 - run 3 - 2 ghost layers
[1.329e-01 s in MAIN] New agg - ncells 3072 - run 4 - 2 ghost layers
[5.801e-01 s in MAIN] New agg - ncells 3072 - run 1 - 3 ghost layers
[4.568e-01 s in MAIN] New agg - ncells 3072 - run 2 - 3 ghost layers
[4.934e-01 s in MAIN] New agg - ncells 3072 - run 3 - 3 ghost layers
[4.268e-01 s in MAIN] New agg - ncells 3072 - run 4 - 3 ghost layers
[7.810e-01 s in MAIN] New agg - ncells 3072 - run 1 - 4 ghost layers
[8.640e-01 s in MAIN] New agg - ncells 3072 - run 2 - 4 ghost layers
[6.232e-01 s in MAIN] New agg - ncells 3072 - run 3 - 4 ghost layers
[4.007e-01 s in MAIN] New agg - ncells 3072 - run 4 - 4 ghost layers
[4.528e-01 s in MAIN] New agg - ncells 3072 - run 1 - 5 ghost layers
[5.814e-01 s in MAIN] New agg - ncells 3072 - run 2 - 5 ghost layers
[3.798e-01 s in MAIN] New agg - ncells 3072 - run 3 - 5 ghost layers
[4.868e-01 s in MAIN] New agg - ncells 3072 - run 4 - 5 ghost layers







































































































































































































































































































































































──────────────────────────────────────────────────────────────────────────────────
Section                                                max         min         avg

──────────────────────────────────────────────────────────────────────────────────























New agg - ncells 3072 - run 1 - 4 ghost layers   1.610e+00   7.808e-01   1.007e+00
New agg - ncells 3072 - run 2 - 4 ghost layers   1.567e+00   8.578e-01   1.078e+00
New agg - ncells 3072 - run 1 - 3 ghost layers   1.525e+00   5.762e-01   8.723e-01
New agg - ncells 3072 - run 3 - 3 ghost layers   1.390e+00   4.894e-01   9.078e-01
New agg - ncells 3072 - run 2 - 3 ghost layers   1.348e+00   4.548e-01   9.181e-01
New agg - ncells 3072 - run 4 - 3 ghost layers   1.347e+00   4.265e-01   6.721e-01
New agg - ncells 3072 - run 2 - 5 ghost layers   1.219e+00   5.805e-01   1.000e+00
New agg - ncells 3072 - run 3 - 4 ghost layers   1.190e+00   6.227e-01   8.601e-01
New agg - ncells 3072 - run 3 - 5 ghost layers   1.165e+00   3.793e-01   7.485e-01
New agg - ncells 3072 - run 1 - 5 ghost layers   1.088e+00   4.468e-01   8.400e-01
New agg - ncells 3072 - run 4 - 5 ghost layers   9.938e-01   1.811e-01   4.829e-01
New agg - ncells 3072 - run 4 - 4 ghost layers   9.921e-01   3.967e-01   6.512e-01
New agg - ncells 3072 - run 3 - 2 ghost layers   7.554e-01   1.481e-01   4.092e-01
New agg - ncells 3072 - run 4 - 2 ghost layers   7.309e-01   1.287e-01   3.342e-01
New agg - ncells 3072 - run 2 - 2 ghost layers   6.996e-01   1.274e-01   3.040e-01
New agg - ncells 3072 - run 1 - 2 ghost layers   3.794e-01   1.416e-01   3.051e-01
──────────────────────────────────────────────────────────────────────────────────

[5.614e-01 s in MAIN] New agg - ncells 6144 - run 1 - 2 ghost layers
[1.079e+00 s in MAIN] New agg - ncells 6144 - run 2 - 2 ghost layers
[5.775e-01 s in MAIN] New agg - ncells 6144 - run 3 - 2 ghost layers
[5.505e-01 s in MAIN] New agg - ncells 6144 - run 4 - 2 ghost layers
[5.228e-01 s in MAIN] New agg - ncells 6144 - run 1 - 3 ghost layers
[5.518e-01 s in MAIN] New agg - ncells 6144 - run 2 - 3 ghost layers
[7.839e-01 s in MAIN] New agg - ncells 6144 - run 3 - 3 ghost layers
[6.581e-01 s in MAIN] New agg - ncells 6144 - run 4 - 3 ghost layers
[2.506e-01 s in MAIN] New agg - ncells 6144 - run 1 - 4 ghost layers
[7.706e-01 s in MAIN] New agg - ncells 6144 - run 2 - 4 ghost layers
[5.789e-01 s in MAIN] New agg - ncells 6144 - run 3 - 4 ghost layers
[1.029e+00 s in MAIN] New agg - ncells 6144 - run 4 - 4 ghost layers
[3.140e-01 s in MAIN] New agg - ncells 6144 - run 1 - 5 ghost layers
[5.999e-01 s in MAIN] New agg - ncells 6144 - run 2 - 5 ghost layers
[5.446e-01 s in MAIN] New agg - ncells 6144 - run 3 - 5 ghost layers
[7.949e-01 s in MAIN] New agg - ncells 6144 - run 4 - 5 ghost layers































































































































































































































































































































































──────────────────────────────────────────────────────────────────────────────────

Section                                                max         min         avg

──────────────────────────────────────────────────────────────────────────────────
New agg - ncells 6144 - run 3 - 3 ghost layers   2.316e+00   7.762e-01   1.864e+00
New agg - ncells 6144 - run 2 - 4 ghost layers   2.296e+00   7.706e-01   1.709e+00

New agg - ncells 6144 - run 1 - 2 ghost layers   2.276e+00   5.591e-01   1.691e+00

New agg - ncells 6144 - run 2 - 5 ghost layers   2.239e+00   5.997e-01   1.740e+00
New agg - ncells 6144 - run 4 - 4 ghost layers   2.210e+00   6.081e-01   1.722e+00

New agg - ncells 6144 - run 3 - 4 ghost layers   2.186e+00   5.715e-01   1.754e+00
New agg - ncells 6144 - run 4 - 5 ghost layers   2.121e+00   4.891e-01   1.689e+00

New agg - ncells 6144 - run 2 - 2 ghost layers   2.120e+00   6.934e-01   1.688e+00
New agg - ncells 6144 - run 3 - 5 ghost layers   2.119e+00   5.405e-01   1.471e+00

New agg - ncells 6144 - run 4 - 3 ghost layers   2.111e+00   6.008e-01   1.444e+00

New agg - ncells 6144 - run 2 - 3 ghost layers   2.075e+00   5.477e-01   1.738e+00
New agg - ncells 6144 - run 4 - 2 ghost layers   2.047e+00   5.465e-01   1.695e+00

New agg - ncells 6144 - run 3 - 2 ghost layers   1.970e+00   5.519e-01   1.336e+00

New agg - ncells 6144 - run 1 - 3 ghost layers   1.945e+00   5.081e-01   1.289e+00
New agg - ncells 6144 - run 1 - 5 ghost layers   1.907e+00   3.074e-01   1.446e+00

New agg - ncells 6144 - run 1 - 4 ghost layers   1.829e+00   2.487e-01   1.287e+00
──────────────────────────────────────────────────────────────────────────────────






















[1.171e+00 s in MAIN] New agg - ncells 12288 - run 1 - 2 ghost layers
[1.428e+00 s in MAIN] New agg - ncells 12288 - run 2 - 2 ghost layers
[9.709e-01 s in MAIN] New agg - ncells 12288 - run 3 - 2 ghost layers
[9.066e-01 s in MAIN] New agg - ncells 12288 - run 4 - 2 ghost layers
[1.804e+00 s in MAIN] New agg - ncells 12288 - run 1 - 3 ghost layers
[8.584e-01 s in MAIN] New agg - ncells 12288 - run 2 - 3 ghost layers
[1.611e+00 s in MAIN] New agg - ncells 12288 - run 3 - 3 ghost layers
[1.519e+00 s in MAIN] New agg - ncells 12288 - run 4 - 3 ghost layers
[5.661e-01 s in MAIN] New agg - ncells 12288 - run 1 - 4 ghost layers
[8.275e-01 s in MAIN] New agg - ncells 12288 - run 2 - 4 ghost layers
[1.118e+00 s in MAIN] New agg - ncells 12288 - run 3 - 4 ghost layers
[9.943e-01 s in MAIN] New agg - ncells 12288 - run 4 - 4 ghost layers
[1.293e+00 s in MAIN] New agg - ncells 12288 - run 1 - 5 ghost layers
[9.457e-01 s in MAIN] New agg - ncells 12288 - run 2 - 5 ghost layers
[1.264e+00 s in MAIN] New agg - ncells 12288 - run 3 - 5 ghost layers
[1.396e+00 s in MAIN] New agg - ncells 12288 - run 4 - 5 ghost layers
















































































































































































































































































































































































───────────────────────────────────────────────────────────────────────────────────
Section                                                 max         min         avg
───────────────────────────────────────────────────────────────────────────────────

New agg - ncells 12288 - run 1 - 3 ghost layers   5.431e+00   1.400e+00   4.439e+00
New agg - ncells 12288 - run 1 - 5 ghost layers   5.407e+00   1.217e+00   4.344e+00
New agg - ncells 12288 - run 4 - 3 ghost layers   5.208e+00   1.141e+00   4.199e+00
New agg - ncells 12288 - run 3 - 4 ghost layers   5.181e+00   1.011e+00   4.107e+00
New agg - ncells 12288 - run 4 - 5 ghost layers   5.137e+00   1.058e+00   4.103e+00
New agg - ncells 12288 - run 2 - 5 ghost layers   5.098e+00   8.697e-01   4.084e+00
New agg - ncells 12288 - run 4 - 2 ghost layers   5.082e+00   9.066e-01   3.983e+00
New agg - ncells 12288 - run 3 - 3 ghost layers   5.064e+00   1.183e+00   4.016e+00
New agg - ncells 12288 - run 3 - 5 ghost layers   5.063e+00   9.045e-01   4.044e+00
New agg - ncells 12288 - run 4 - 4 ghost layers   5.054e+00   9.860e-01   4.033e+00
New agg - ncells 12288 - run 2 - 2 ghost layers   4.976e+00   8.859e-01   3.918e+00
New agg - ncells 12288 - run 3 - 2 ghost layers   4.949e+00   9.347e-01   3.958e+00
New agg - ncells 12288 - run 2 - 4 ghost layers   4.949e+00   7.787e-01   3.906e+00
New agg - ncells 12288 - run 2 - 3 ghost layers   4.931e+00   8.289e-01   3.950e+00

New agg - ncells 12288 - run 1 - 2 ghost layers   4.882e+00   8.241e-01   3.929e+00
New agg - ncells 12288 - run 1 - 4 ghost layers   4.764e+00   5.308e-01   3.714e+00
───────────────────────────────────────────────────────────────────────────────────















======================================================================================
                  Resource Usage on 2025-12-23 08:42:25:
   Job Id:             157216564.gadi-pbs
   Project:            kr97
   Exit Status:        0
   Service Units:      66.77
   NCPUs Requested:    384                    NCPUs Used: 384             
                                           CPU Time Used: 30:21:49        
   Memory Requested:   1.5TB                 Memory Used: 404.23GB        
   Walltime requested: 00:30:00            Walltime Used: 00:05:13        
   JobFS requested:    800.0MB                JobFS used: 2.98MB          
======================================================================================
